error: DeriveSubscriber macro requires that your struct must have at least one field that implements the Subscriber trait or is marked with #[subscriber]
 --> tests/fail/missing_subscriber.rs:4:1
  |
4 | / struct InvalidSubscriber {
5 | |     other_field: String,
6 | | }
  | |_^
